// Jest Snapshot v1, https://goo.gl/fbAQLP

exports[`should match snapshot 1`] = `
<DocumentFragment>
  <div
    class="Coin"
    data-testid="coin"
    style="background: red;"
  />
</DocumentFragment>
`;
