// Jest Snapshot v1, https://goo.gl/fbAQLP

exports[`should match snapshot 1`] = `
<DocumentFragment>
  <div
    class="CoinFlipper"
  >
    <div
      class="Coin"
      data-testid="coin"
      style="background: red;"
    />
    <button
      data-testid="flip-button"
    >
      FLIP MEEEE
    </button>
    <p>
      Out of 0 flips, there have been 0 heads(green) and 0 tails(red).
    </p>
  </div>
</DocumentFragment>
`;
